
> locali-app@0.0.0 lint
> eslint . --quiet


/tmp/workspace/bodawahid/locali/backend/middleware/auth.js
  49:10  error  Parsing error: Identifier 'getToken' has already been declared

/tmp/workspace/bodawahid/locali/src/components/MultiImageUpload.jsx
  3:10  error  'Upload' is defined but never used  unused-imports/no-unused-imports

/tmp/workspace/bodawahid/locali/src/components/QuickFunnel.jsx
  3:18  error  'Calendar' is defined but never used    unused-imports/no-unused-imports
  3:28  error  'DollarSign' is defined but never used  unused-imports/no-unused-imports
  3:40  error  'ArrowRight' is defined but never used  unused-imports/no-unused-imports

/tmp/workspace/bodawahid/locali/src/components/VerifiedPriceBadge.jsx
  3:10  error  'ShieldCheck' is defined but never used  unused-imports/no-unused-imports

/tmp/workspace/bodawahid/locali/src/components/VerifiedPriceCard.jsx
  6:10  error  'ShieldCheck' is defined but never used  unused-imports/no-unused-imports

/tmp/workspace/bodawahid/locali/src/components/locali/PlaceForm.jsx
  3:13  error  'Upload' is defined but never used  unused-imports/no-unused-imports

/tmp/workspace/bodawahid/locali/src/pages/AIAssistant.jsx
  3:31  error  'MapPin' is defined but never used  unused-imports/no-unused-imports
  3:39  error  'Phone' is defined but never used   unused-imports/no-unused-imports
  3:46  error  'Star' is defined but never used    unused-imports/no-unused-imports

/tmp/workspace/bodawahid/locali/src/pages/About.jsx
  2:38  error  'buildFAQSchema' is defined but never used  unused-imports/no-unused-imports
  2:54  error  'ISO_DATE' is defined but never used        unused-imports/no-unused-imports

/tmp/workspace/bodawahid/locali/src/pages/AdminAutoImages.jsx
  1:20  error  'useEffect' is defined but never used      unused-imports/no-unused-imports
  3:10  error  'Image' is defined but never used          unused-imports/no-unused-imports
  3:65  error  'Shield' is defined but never used         unused-imports/no-unused-imports
  3:73  error  'AlertTriangle' is defined but never used  unused-imports/no-unused-imports

/tmp/workspace/bodawahid/locali/src/pages/AdminContentManager.jsx
  4:14  error  'RefreshCw' is defined but never used     unused-imports/no-unused-imports
  4:35  error  'Search' is defined but never used        unused-imports/no-unused-imports
  5:23  error  'Globe' is defined but never used         unused-imports/no-unused-imports
  5:42  error  'MapPin' is defined but never used        unused-imports/no-unused-imports
  6:3   error  'ChevronDown' is defined but never used   unused-imports/no-unused-imports
  6:16  error  'ChevronRight' is defined but never used  unused-imports/no-unused-imports
  6:30  error  'Star' is defined but never used          unused-imports/no-unused-imports

/tmp/workspace/bodawahid/locali/src/pages/AdminHomeCMS.jsx
  1:44  error  'useRef' is defined but never used  unused-imports/no-unused-imports

/tmp/workspace/bodawahid/locali/src/pages/AdminPriceManager.jsx
  2:20  error  'useMutation' is defined but never used  unused-imports/no-unused-imports
  4:74  error  'RefreshCw' is defined but never used    unused-imports/no-unused-imports

/tmp/workspace/bodawahid/locali/src/pages/AdminVerification.jsx
  7:3   error  'DollarSign' is defined but never used  unused-imports/no-unused-imports
  7:23  error  'Clock' is defined but never used       unused-imports/no-unused-imports
  7:30  error  'FileText' is defined but never used    unused-imports/no-unused-imports
  7:40  error  'Globe' is defined but never used       unused-imports/no-unused-imports
  8:41  error  'Zap' is defined but never used         unused-imports/no-unused-imports
  8:46  error  'Eye' is defined but never used         unused-imports/no-unused-imports

/tmp/workspace/bodawahid/locali/src/pages/AirportItems.jsx
  2:25  error  'CheckCircle2' is defined but never used  unused-imports/no-unused-imports
  2:39  error  'XCircle' is defined but never used       unused-imports/no-unused-imports
  2:48  error  'Briefcase' is defined but never used     unused-imports/no-unused-imports

/tmp/workspace/bodawahid/locali/src/pages/AnalyticsDashboard.jsx
  4:29  error  'DollarSign' is defined but never used   unused-imports/no-unused-imports
  5:3   error  'ShieldCheck' is defined but never used  unused-imports/no-unused-imports
  5:39  error  'BadgeCheck' is defined but never used   unused-imports/no-unused-imports

/tmp/workspace/bodawahid/locali/src/pages/Apartments.jsx
  2:24  error  'ExternalLink' is defined but never used  unused-imports/no-unused-imports

/tmp/workspace/bodawahid/locali/src/pages/ArabTourists.jsx
  4:67  error  'MapPin' is defined but never used  unused-imports/no-unused-imports
  4:75  error  'Phone' is defined but never used   unused-imports/no-unused-imports

/tmp/workspace/bodawahid/locali/src/pages/Bazaars.jsx
  3:45  error  'Star' is defined but never used  unused-imports/no-unused-imports

/tmp/workspace/bodawahid/locali/src/pages/BazaarsMarkets.jsx
  2:10  error  'Search' is defined but never used  unused-imports/no-unused-imports
  2:18  error  'MapPin' is defined but never used  unused-imports/no-unused-imports

/tmp/workspace/bodawahid/locali/src/pages/Beaches.jsx
  2:17  error  'Star' is defined but never used  unused-imports/no-unused-imports

/tmp/workspace/bodawahid/locali/src/pages/BoatTrips.jsx
  6:25  error  'Users' is defined but never used  unused-imports/no-unused-imports
  6:32  error  'Plus' is defined but never used   unused-imports/no-unused-imports

/tmp/workspace/bodawahid/locali/src/pages/CityPage.jsx
  5:10  error  'CITY_META' is defined but never used  unused-imports/no-unused-imports

/tmp/workspace/bodawahid/locali/src/pages/CurrencyRates.jsx
  5:33  error  'CheckCircle2' is defined but never used  unused-imports/no-unused-imports

/tmp/workspace/bodawahid/locali/src/pages/DataSources.jsx
  3:31  error  'ShieldCheck' is defined but never used  unused-imports/no-unused-imports
  3:51  error  'Users' is defined but never used        unused-imports/no-unused-imports
  3:58  error  'TrendingUp' is defined but never used   unused-imports/no-unused-imports

/tmp/workspace/bodawahid/locali/src/pages/EgyptSafeNow.jsx
  4:23  error  'AlertTriangle' is defined but never used  unused-imports/no-unused-imports
  4:38  error  'Info' is defined but never used           unused-imports/no-unused-imports
  4:67  error  'Globe' is defined but never used          unused-imports/no-unused-imports

/tmp/workspace/bodawahid/locali/src/pages/EgyptVsDubai.jsx
  3:62  error  'Thermometer' is defined but never used  unused-imports/no-unused-imports

/tmp/workspace/bodawahid/locali/src/pages/ElGouna.jsx
  2:55  error  'Phone' is defined but never used           unused-imports/no-unused-imports
  4:8   error  'BookingButtons' is defined but never used  unused-imports/no-unused-imports

/tmp/workspace/bodawahid/locali/src/pages/Home.jsx
  7:20  error  'Star' is defined but never used  unused-imports/no-unused-imports

/tmp/workspace/bodawahid/locali/src/pages/LastMinuteEgypt.jsx
  4:60  error  'AlertTriangle' is defined but never used  unused-imports/no-unused-imports
  4:75  error  'Clock' is defined but never used          unused-imports/no-unused-imports

/tmp/workspace/bodawahid/locali/src/pages/LocaliAdminPanel.jsx
  7:14  error  'CheckCircle' is defined but never used  unused-imports/no-unused-imports
  7:27  error  'XCircle' is defined but never used      unused-imports/no-unused-imports
  7:36  error  'Trash2' is defined but never used       unused-imports/no-unused-imports
  7:44  error  'Star' is defined but never used         unused-imports/no-unused-imports
  8:36  error  'Settings' is defined but never used     unused-imports/no-unused-imports

/tmp/workspace/bodawahid/locali/src/pages/LocaliRide.jsx
  6:47  error  'Languages' is defined but never used     unused-imports/no-unused-imports
  7:19  error  'CreditCard' is defined but never used    unused-imports/no-unused-imports
  7:46  error  'Bell' is defined but never used          unused-imports/no-unused-imports
  8:24  error  'Phone' is defined but never used         unused-imports/no-unused-imports
  8:43  error  'Zap' is defined but never used           unused-imports/no-unused-imports
  8:48  error  'ChevronRight' is defined but never used  unused-imports/no-unused-imports
  9:3   error  'Flag' is defined but never used          unused-imports/no-unused-imports
  9:34  error  'Radio' is defined but never used         unused-imports/no-unused-imports
  9:41  error  'Eye' is defined but never used           unused-imports/no-unused-imports
  9:46  error  'EyeOff' is defined but never used        unused-imports/no-unused-imports

/tmp/workspace/bodawahid/locali/src/pages/LongStay.jsx
  11:44  error  'GraduationCap' is defined but never used  unused-imports/no-unused-imports
  12:3   error  'Heart' is defined but never used          unused-imports/no-unused-imports
  13:44  error  'ArrowRight' is defined but never used     unused-imports/no-unused-imports

/tmp/workspace/bodawahid/locali/src/pages/Methodology.jsx
  1:54  error  'ISO_DATE' is defined but never used  unused-imports/no-unused-imports

/tmp/workspace/bodawahid/locali/src/pages/MyTrips.jsx
  5:28  error  'MapPin' is defined but never used  unused-imports/no-unused-imports

/tmp/workspace/bodawahid/locali/src/pages/PriceChecker.jsx
  5:50  error  'RefreshCw' is defined but never used  unused-imports/no-unused-imports

/tmp/workspace/bodawahid/locali/src/pages/PriceInsights.jsx
  4:18  error  'TrendingUp' is defined but never used  unused-imports/no-unused-imports

/tmp/workspace/bodawahid/locali/src/pages/RemoteWork.jsx
  7:37  error  'CheckCircle2' is defined but never used  unused-imports/no-unused-imports

/tmp/workspace/bodawahid/locali/src/pages/SafetyGuide.jsx
  3:59  error  'XCircle' is defined but never used  unused-imports/no-unused-imports
  3:68  error  'Sun' is defined but never used      unused-imports/no-unused-imports
  3:91  error  'Heart' is defined but never used    unused-imports/no-unused-imports

/tmp/workspace/bodawahid/locali/src/pages/ScamMap.jsx
  2:28  error  'Link' is defined but never used  unused-imports/no-unused-imports

/tmp/workspace/bodawahid/locali/src/pages/SimCards.jsx
  3:54  error  'Phone' is defined but never used  unused-imports/no-unused-imports
  3:69  error  'Info' is defined but never used   unused-imports/no-unused-imports

/tmp/workspace/bodawahid/locali/src/pages/TempleTrips.jsx
  2:18  error  'X' is defined but never used  unused-imports/no-unused-imports

/tmp/workspace/bodawahid/locali/src/pages/TourOperators.jsx
  5:62  error  'DollarSign' is defined but never used  unused-imports/no-unused-imports

/tmp/workspace/bodawahid/locali/src/pages/TouristStories.jsx
  6:36  error  'Shield' is defined but never used         unused-imports/no-unused-imports
  6:44  error  'AlertTriangle' is defined but never used  unused-imports/no-unused-imports
  6:59  error  'Star' is defined but never used           unused-imports/no-unused-imports
  6:73  error  'Globe' is defined but never used          unused-imports/no-unused-imports

/tmp/workspace/bodawahid/locali/src/pages/TouristVillages.jsx
  3:24  error  'Waves' is defined but never used        unused-imports/no-unused-imports
  3:31  error  'Phone' is defined but never used        unused-imports/no-unused-imports
  3:52  error  'ShieldCheck' is defined but never used  unused-imports/no-unused-imports
  3:82  error  'Wifi' is defined but never used         unused-imports/no-unused-imports
  3:88  error  'Baby' is defined but never used         unused-imports/no-unused-imports

/tmp/workspace/bodawahid/locali/src/pages/TripPlanner.jsx
  1:20   error  'useEffect' is defined but never used      unused-imports/no-unused-imports
  2:10   error  'useNavigate' is defined but never used    unused-imports/no-unused-imports
  4:10   error  'Link' is defined but never used           unused-imports/no-unused-imports
  5:100  error  'Plane' is defined but never used          unused-imports/no-unused-imports
  5:114  error  'Utensils' is defined but never used       unused-imports/no-unused-imports
  5:140  error  'AlertTriangle' is defined but never used  unused-imports/no-unused-imports

/tmp/workspace/bodawahid/locali/src/pages/UnifiedSearch.jsx
  4:32  error  'Phone' is defined but never used  unused-imports/no-unused-imports
  4:54  error  'Globe' is defined but never used  unused-imports/no-unused-imports

/tmp/workspace/bodawahid/locali/src/pages/VerifiedGuides.jsx
  8:10  error  'generateTrackingCode' is defined but never used  unused-imports/no-unused-imports

/tmp/workspace/bodawahid/locali/src/pages/VerifyApply.jsx
  3:50  error  'Phone' is defined but never used   unused-imports/no-unused-imports
  3:64  error  'MapPin' is defined but never used  unused-imports/no-unused-imports

/tmp/workspace/bodawahid/locali/src/pages/VisaEntry.jsx
  4:34  error  'XCircle' is defined but never used  unused-imports/no-unused-imports
  4:58  error  'Clock' is defined but never used    unused-imports/no-unused-imports
  4:65  error  'Globe' is defined but never used    unused-imports/no-unused-imports

/tmp/workspace/bodawahid/locali/src/pages/WomenSafety.jsx
  2:58  error  'MapPin' is defined but never used  unused-imports/no-unused-imports

/tmp/workspace/bodawahid/locali/src/pages/city/CityATM.jsx
  8:10  error  'CreditCard' is defined but never used     unused-imports/no-unused-imports
  8:59  error  'AlertTriangle' is defined but never used  unused-imports/no-unused-imports

/tmp/workspace/bodawahid/locali/src/pages/city/CityPrices.jsx
  8:10  error  'TrendingDown' is defined but never used   unused-imports/no-unused-imports
  8:24  error  'AlertTriangle' is defined but never used  unused-imports/no-unused-imports
  8:39  error  'DollarSign' is defined but never used     unused-imports/no-unused-imports

/tmp/workspace/bodawahid/locali/src/pages/city/CityRestaurants.jsx
  10:16  error  'AlertTriangle' is defined but never used  unused-imports/no-unused-imports

/tmp/workspace/bodawahid/locali/src/pages/city/CitySafety.jsx
  1:21  error  'Link' is defined but never used  unused-imports/no-unused-imports

/tmp/workspace/bodawahid/locali/src/pages/city/CityThingsToDo.jsx
  10:10  error  'Info' is defined but never used  unused-imports/no-unused-imports

/tmp/workspace/bodawahid/locali/src/pages/city/CityTransport.jsx
  9:10  error  'Car' is defined but never used    unused-imports/no-unused-imports
  9:44  error  'Phone' is defined but never used  unused-imports/no-unused-imports

✖ 127 problems (127 errors, 0 warnings)
  126 errors and 0 warnings potentially fixable with the `--fix` option.

